QA-020 KILLED | mutant: Ran 1 test in 2.097s FAILED (failures=1) | restored: Ran 1 test in 2.105s OK
QA-019a KILLED | mutant: Ran 1 test in 0.080s FAILED (failures=1) | restored: Ran 1 test in 0.095s OK
QA-019b KILLED | mutant: Ran 1 test in 0.098s FAILED (failures=1) | restored: Ran 1 test in 0.097s OK
QA-017 KILLED | mutant: Ran 1 test in 0.093s FAILED (failures=1) | restored: Ran 1 test in 0.089s OK
QA-018 KILLED | mutant: Ran 1 test in 0.086s FAILED (failures=1) | restored: Ran 1 test in 0.095s OK
QA-014 KILLED | mutant: Ran 1 test in 0.093s FAILED (failures=1) | restored: Ran 1 test in 0.102s OK
RD-001 KILLED | mutant: Ran 1 test in 0.087s FAILED (failures=1) | restored: Ran 1 test in 0.089s OK
RD-003 KILLED | mutant: Ran 1 test in 0.001s FAILED (failures=1) | restored: Ran 1 test in 0.001s OK
QA-016 KILLED | mutant: Ran 1 test in 0.001s FAILED (failures=1) | restored: Ran 1 test in 0.001s OK
QA-015 KILLED | mutant: # pass 0 # fail 1 | restored: # pass 1 # fail 0
TOOL-002 ok   booting→ready passes
TOOL-002 ok   booting→failed→booting→ready fails (QA-019 timeline)
TOOL-002 ok   restarting→booting→ready passes
TOOL-002 ok   an unknown word (reachable) fails
TOOL-002 ok   exact argv passes
TOOL-002 ok   two --node fails
TOOL-002 ok   --node followed by another device fails
TOOL-002 ok   no --node (lab-wide restart) fails
TOOL-002 ok   a deploy argv fails
TOOL-002 ok   preview status 409 fails
mutants killed 10 of 10; TOOL-002 cases 10 of 10 as expected
