== 2026-09-27T22:00:07Z destroy
22:00:07 INFO Parsing & checking topology file=restore-square.clab.yml
22:00:07 INFO Parsing & checking topology file=restore-square.clab.yml
22:00:07 INFO Creating docker network name=clab IPv4 subnet=172.20.20.0/24 IPv6 subnet="" MTU=1500
22:00:07 INFO Destroying lab name=restore-square
22:00:07 ERRO container "clab-restore-square-host1" exited; container output:
22:00:07 ERRO container "clab-restore-square-cjunosevolved" exited; container output:
22:00:07 ERRO container "clab-restore-square-ceos" exited; container output:
22:00:07 ERRO container "clab-restore-square-vjunos-switch" exited; container output:
22:00:07 ERRO container "clab-restore-square-vjunos-switch" exited; container output:
22:00:07 ERRO container "clab-restore-square-vjunos-switch" exited; container output:
22:00:07 ERRO container "clab-restore-square-cjunosevolved" exited; container output:
22:00:07 ERRO container "clab-restore-square-host1" exited; container output:
22:00:07 ERRO container "clab-restore-square-xrv9k" exited; container output:
22:00:07 ERRO container "clab-restore-square-xrv9k" exited; container output:
22:00:07 ERRO container "clab-restore-square-ceos" exited; container output:
22:00:07 ERRO container "clab-restore-square-ceos" exited; container output:
22:00:07 INFO Removed container name=clab-restore-square-cjunosevolved
22:00:07 INFO Removed container name=clab-restore-square-ceos
22:00:07 INFO Removed container name=clab-restore-square-host1
22:00:07 INFO Removed container name=clab-restore-square-xrv9k
22:00:07 INFO Removed container name=clab-restore-square-vjunos-switch
22:00:07 INFO Removing host entries path=/etc/hosts
22:00:07 INFO Removing SSH config path=/etc/ssh/ssh_config.d/clab-restore-square.conf
== 2026-09-27T22:00:07Z deploy
22:00:07 INFO Containerlab started version=0.79.0
22:00:07 INFO Parsing & checking topology file=restore-square.clab.yml
22:00:07 INFO Creating docker network name=clab IPv4 subnet=172.20.20.0/24 IPv6 subnet="" MTU=0
22:00:07 INFO Creating lab directory path=/srv/containerlab-node-manager/projects/restore-square/clab-restore-square
22:00:07 INFO Creating container name=host1
22:00:07 INFO Creating container name=vjunos-switch
22:00:07 INFO Creating container name=xrv9k
22:00:07 INFO Creating container name=cjunosevolved
22:00:07 INFO Creating container name=ceos
22:00:08 INFO Created link: cjunosevolved:eth5 (et-0/0/1) ▪┄┄▪ vjunos-switch:eth1 (ge-0/0/0)
22:00:08 INFO Created link: ceos:eth1 ▪┄┄▪ cjunosevolved:eth4 (et-0/0/0)
22:00:08 INFO Created link: vjunos-switch:eth2 (ge-0/0/1) ▪┄┄▪ xrv9k:eth1 (Gi0/0/0/0)
22:00:08 INFO Created link: xrv9k:eth2 (Gi0/0/0/1) ▪┄┄▪ ceos:eth2
22:00:08 INFO Created link: host1:eth1 ▪┄┄▪ vjunos-switch:eth3 (ge-0/0/2)
22:00:08 INFO Created link: host1:eth2 ▪┄┄▪ ceos:eth3
22:00:08 INFO Running postdeploy actions for Arista cEOS 'ceos' node
22:00:30 INFO Adding host entries path=/etc/hosts
22:00:30 INFO Adding SSH config for nodes path=/etc/ssh/ssh_config.d/clab-restore-square.conf
== 2026-09-27T22:00:30Z deploy exit 0
