Traceback (most recent call last):
  File "/home/clabllm/projects/clab-manager-1.30.42/docs/netlab-ui-qa/tools/check_restart_two_tabs.py", line 152, in <module>
    sys.exit(main())
             ^^^^^^
  File "/home/clabllm/projects/clab-manager-1.30.42/docs/netlab-ui-qa/tools/check_restart_two_tabs.py", line 85, in main
    open_map_menu(b, node['name']).click(); review_open(b)
                                            ^^^^^^^^^^^^^^
  File "/home/clabllm/projects/clab-manager-1.30.42/docs/netlab-ui-qa/tools/check_restart_device.py", line 163, in review_open
    page.wait_for_selector('dialog#operation-review[open]', timeout=20000)
  File "/home/clabllm/projects/clab-manager-1.30.42/clab-backup-ui/.venv/lib/python3.12/site-packages/playwright/sync_api/_generated.py", line 9061, in wait_for_selector
    self._sync(
  File "/home/clabllm/projects/clab-manager-1.30.42/clab-backup-ui/.venv/lib/python3.12/site-packages/playwright/_impl/_sync_base.py", line 115, in _sync
    return task.result()
           ^^^^^^^^^^^^^
  File "/home/clabllm/projects/clab-manager-1.30.42/clab-backup-ui/.venv/lib/python3.12/site-packages/playwright/_impl/_page.py", line 429, in wait_for_selector
    return await self._main_frame.wait_for_selector(**locals_to_params(locals()))
           ^^^^^^^^^^^^^^^^^^^^^^^^^^^^^^^^^^^^^^^^^^^^^^^^^^^^^^^^^^^^^^^^^^^^^^
  File "/home/clabllm/projects/clab-manager-1.30.42/clab-backup-ui/.venv/lib/python3.12/site-packages/playwright/_impl/_frame.py", line 395, in wait_for_selector
    await self._channel.send(
  File "/home/clabllm/projects/clab-manager-1.30.42/clab-backup-ui/.venv/lib/python3.12/site-packages/playwright/_impl/_connection.py", line 76, in send
    return await self._connection.wrap_api_call(
           ^^^^^^^^^^^^^^^^^^^^^^^^^^^^^^^^^^^^^
  File "/home/clabllm/projects/clab-manager-1.30.42/clab-backup-ui/.venv/lib/python3.12/site-packages/playwright/_impl/_connection.py", line 632, in wrap_api_call
    raise rewrite_error(error, f"{parsed_st['apiName']}: {error}") from None
playwright._impl._errors.TimeoutError: Page.wait_for_selector: Timeout 20000ms exceeded.
Call log:
  - waiting for locator("dialog#operation-review[open]") to be visible
