Run started 2026-09-27T19:43:34+00:00 against http://127.0.0.1:8144, data dir /tmp/design-probes-0rcrwzry
Labs: {'BGP_TheoryToPractice': '6cf67c0790a54c1591923726f136bcc7', 'ospf-basics': 'fddaf9e879c84562b1215bbab9311eef', 'vlan-lab': 'f6cca538fd064f1586169b9933b79764', 'switching-basics': 'd1a8669f5577409cb620ba707d51fc35'}
Chromium 153.0.8010.12

=== Probe 10 ===
  shot: /home/clabllm/projects/clab-manager-1.30.42/docs/netlab-ui-qa/evidence/probes/P10-01-as-zero-coerced.png
  FAIL [P10] CONFIRMED-target: typing AS 0 is silently coerced to the default 65000 (falsy Number(...)||65000), not flagged as invalid: field='0' advanced={
  "schema": 1,
  "label": "P10",
  "families": {
    "ipv4": true,
    "ipv6": true
  },
  "addressing": {
    "loopback": {
      "ipv4": "10.255.0.0/24",
      "ipv6": "2001:db8:ff::/48"
    },

  PASS [P10] no problem/warning is raised about the 0 being replaced
  shot: /home/clabllm/projects/clab-manager-1.30.42/docs/netlab-ui-qa/evidence/probes/P10-02-p2p-prefix-blank-coerced.png
  FAIL [P10] CONFIRMED-target: a blank p2p prefix size is silently coerced to the default 31:
  shot: /home/clabllm/projects/clab-manager-1.30.42/docs/netlab-ui-qa/evidence/probes/P10-03-vrf-module-auto-checked-after-naming-a-vrf.png
  PASS [P10] defining a VRF auto-enables the vrf module (documented behaviour)
  shot: /home/clabllm/projects/clab-manager-1.30.42/docs/netlab-ui-qa/evidence/probes/P10-04-vrf-checkbox-immediately-after-manual-uncheck.png
  FAIL [P10] CONFIRMED-target: the checkbox visually stays unchecked (a checkbox click gets no follow-up blur re-render), but the underlying draft silently kept the vrf module on — an invisible desync: checkbox_checked=True draft_modules=['bgp', 'vrf']
  PASS [P10] no message explains the desync at this point
  FAIL [P10] probe 10 raised an exception (see detail): TimeoutError('Page.wait_for_function: Timeout 15000ms exceeded.')
  shot: /home/clabllm/projects/clab-manager-1.30.42/docs/netlab-ui-qa/evidence/probes/P10-EXCEPTION.png

=== Summary ===
P10: 3/7 checks passed
Console errors: 0, page errors: 0
exit=0
