=== XRv9k pre-restart read-back 2026-09-28T01:27:05Z ===
show running-config interface Loopback0
Mon Sep 28 01:27:04.536 UTC
interface Loopback0
 description A loopback
 ipv4 address 10.255.0.4 255.255.255.255
!

RP/0/RP0/CPU0:xrv9k#
---
Exception (client): Error reading SSH protocol banner
Traceback (most recent call last):
  File "/home/clabllm/projects/clab-manager-1.30.42/clab-backup-ui/.venv/lib/python3.12/site-packages/paramiko/transport.py", line 2369, in _check_banner
    buf = self.packetizer.readline(timeout)
          ^^^^^^^^^^^^^^^^^^^^^^^^^^^^^^^^^
  File "/home/clabllm/projects/clab-manager-1.30.42/clab-backup-ui/.venv/lib/python3.12/site-packages/paramiko/packet.py", line 395, in readline
    buf += self._read_timeout(timeout)
           ^^^^^^^^^^^^^^^^^^^^^^^^^^^
  File "/home/clabllm/projects/clab-manager-1.30.42/clab-backup-ui/.venv/lib/python3.12/site-packages/paramiko/packet.py", line 665, in _read_timeout
    raise EOFError()
EOFError

During handling of the above exception, another exception occurred:

Traceback (most recent call last):
  File "/home/clabllm/projects/clab-manager-1.30.42/clab-backup-ui/.venv/lib/python3.12/site-packages/paramiko/transport.py", line 2185, in run
    self._check_banner()
  File "/home/clabllm/projects/clab-manager-1.30.42/clab-backup-ui/.venv/lib/python3.12/site-packages/paramiko/transport.py", line 2373, in _check_banner
    raise SSHException(
paramiko.ssh_exception.SSHException: Error reading SSH protocol banner

show ospf neighbor
Mon Sep 28 01:27:09.026 UTC

* Indicates MADJ interface
# Indicates Neighbor awaiting BFD session up

Neighbors for OSPF 1

Neighbor ID     Pri   State           Dead Time   Address         Interface
10.255.0.3      128   FULL/  -        00:00:36    10.0.34.0       GigabitEthernet0/0/0/0
    Neighbor is up for 00:51:43
10.255.0.1      0     FULL/  -        00:00:37    10.0.41.1       GigabitEthernet0/0/0/1
    Neighbor is up for 00:01:10

Total neighbor count: 2
RP/0/RP0/CPU0:xrv9k#
