START 2026-09-27T22:20:05Z
  ok   two tabs can each open a review for the same device
  ok   a double click creates exactly one job
  ok   the job succeeded
  ok   the device restarted once (new start time, same id)
  FAIL the older review is refused with the reason: Wait for the current lab operation to finish.
  ok   the refused tab keeps its dialog open with the reason inline
  ok   no second job and no second restart
  ok   Cancel closes the refused dialog
Traceback (most recent call last):
  File "/home/clabllm/projects/clab-manager-1.30.42/docs/netlab-ui-qa/tools/check_restart_two_tabs.py", line 137, in <module>
    sys.exit(main())
             ^^^^^^
  File "/home/clabllm/projects/clab-manager-1.30.42/docs/netlab-ui-qa/tools/check_restart_two_tabs.py", line 107, in main
    open_map_menu(b, node['name']).click(); review_open(b)
    ^^^^^^^^^^^^^^^^^^^^^^^^^^^^^^^^^^^^^^
  File "/home/clabllm/projects/clab-manager-1.30.42/clab-backup-ui/.venv/lib/python3.12/site-packages/playwright/sync_api/_generated.py", line 18032, in click
    self._sync(
  File "/home/clabllm/projects/clab-manager-1.30.42/clab-backup-ui/.venv/lib/python3.12/site-packages/playwright/_impl/_sync_base.py", line 115, in _sync
    return task.result()
           ^^^^^^^^^^^^^
  File "/home/clabllm/projects/clab-manager-1.30.42/clab-backup-ui/.venv/lib/python3.12/site-packages/playwright/_impl/_locator.py", line 165, in click
    return await self._frame._click(self._selector, strict=True, **params)
           ^^^^^^^^^^^^^^^^^^^^^^^^^^^^^^^^^^^^^^^^^^^^^^^^^^^^^^^^^^^^^^^
  File "/home/clabllm/projects/clab-manager-1.30.42/clab-backup-ui/.venv/lib/python3.12/site-packages/playwright/_impl/_frame.py", line 594, in _click
    await self._channel.send("click", self._timeout, locals_to_params(locals()))
  File "/home/clabllm/projects/clab-manager-1.30.42/clab-backup-ui/.venv/lib/python3.12/site-packages/playwright/_impl/_connection.py", line 76, in send
    return await self._connection.wrap_api_call(
           ^^^^^^^^^^^^^^^^^^^^^^^^^^^^^^^^^^^^^
  File "/home/clabllm/projects/clab-manager-1.30.42/clab-backup-ui/.venv/lib/python3.12/site-packages/playwright/_impl/_connection.py", line 632, in wrap_api_call
    raise rewrite_error(error, f"{parsed_st['apiName']}: {error}") from None
playwright._impl._errors.TimeoutError: Locator.click: Timeout 30000ms exceeded.
Call log:
  - waiting for locator("#node-context-menu button[data-restart=\"clab-restore-square-host1\"]")
    - locator resolved to <button disabled type="button" class="danger" role="menuitem" data-restart="clab-restore-square-host1" title="Wait for the current operation to finish">…</button>
  - attempting click action
    2 × waiting for element to be visible, enabled and stable
      - element is not enabled
    - retrying click action
    - waiting 20ms
    2 × waiting for element to be visible, enabled and stable
      - element is not enabled
    - retrying click action
      - waiting 100ms
    56 × waiting for element to be visible, enabled and stable
       - element is not enabled
     - retrying click action
       - waiting 500ms

EXIT=1 END 2026-09-27T22:20:47Z
RETRY START 2026-09-27T22:21:21Z
  ok   two tabs can each open a review for the same device
  ok   a double click creates exactly one job
  ok   the job succeeded
  ok   the device restarted once (new start time, same id)
  FAIL the older review is refused with the reason: Wait for the current lab operation to finish.
  ok   the refused tab keeps its dialog open with the reason inline
  ok   no second job and no second restart
  ok   Cancel closes the refused dialog
  ok   a fresh review after the refusal is offered again
  ok   two simultaneous confirmations start at most one job
  ok   the loser sees a busy or stale refusal, the winner's dialog closed
  ok   no unexpected console errors
  ok   no page errors
13 checks, 1 failed
EXIT=1 RETRY END 2026-09-27T22:21:41Z
RETRY2 START 2026-09-27T22:25:48Z
  ok   two tabs can each open a review for the same device
  ok   a double click creates exactly one job
  ok   the job succeeded
  ok   the device restarted once (new start time, same id)
  ok   the older review is refused with the reason
  ok   the refused tab keeps its dialog open with the reason inline
  ok   no second job and no second restart
  ok   Cancel closes the refused dialog
Traceback (most recent call last):
  File "/home/clabllm/projects/clab-manager-1.30.42/docs/netlab-ui-qa/tools/check_restart_two_tabs.py", line 137, in <module>
    sys.exit(main())
             ^^^^^^
  File "/home/clabllm/projects/clab-manager-1.30.42/docs/netlab-ui-qa/tools/check_restart_two_tabs.py", line 107, in main
    open_map_menu(b, node['name']).click(); review_open(b)
    ^^^^^^^^^^^^^^^^^^^^^^^^^^^^^^^^^^^^^^
  File "/home/clabllm/projects/clab-manager-1.30.42/clab-backup-ui/.venv/lib/python3.12/site-packages/playwright/sync_api/_generated.py", line 18032, in click
    self._sync(
  File "/home/clabllm/projects/clab-manager-1.30.42/clab-backup-ui/.venv/lib/python3.12/site-packages/playwright/_impl/_sync_base.py", line 115, in _sync
    return task.result()
           ^^^^^^^^^^^^^
  File "/home/clabllm/projects/clab-manager-1.30.42/clab-backup-ui/.venv/lib/python3.12/site-packages/playwright/_impl/_locator.py", line 165, in click
    return await self._frame._click(self._selector, strict=True, **params)
           ^^^^^^^^^^^^^^^^^^^^^^^^^^^^^^^^^^^^^^^^^^^^^^^^^^^^^^^^^^^^^^^
  File "/home/clabllm/projects/clab-manager-1.30.42/clab-backup-ui/.venv/lib/python3.12/site-packages/playwright/_impl/_frame.py", line 594, in _click
    await self._channel.send("click", self._timeout, locals_to_params(locals()))
  File "/home/clabllm/projects/clab-manager-1.30.42/clab-backup-ui/.venv/lib/python3.12/site-packages/playwright/_impl/_connection.py", line 76, in send
    return await self._connection.wrap_api_call(
           ^^^^^^^^^^^^^^^^^^^^^^^^^^^^^^^^^^^^^
  File "/home/clabllm/projects/clab-manager-1.30.42/clab-backup-ui/.venv/lib/python3.12/site-packages/playwright/_impl/_connection.py", line 632, in wrap_api_call
    raise rewrite_error(error, f"{parsed_st['apiName']}: {error}") from None
playwright._impl._errors.TimeoutError: Locator.click: Timeout 30000ms exceeded.
Call log:
  - waiting for locator("#node-context-menu button[data-restart=\"clab-restore-square-host1\"]")
    - locator resolved to <button disabled type="button" class="danger" role="menuitem" data-restart="clab-restore-square-host1" title="Wait for the current operation to finish">…</button>
  - attempting click action
    2 × waiting for element to be visible, enabled and stable
      - element is not enabled
    - retrying click action
    - waiting 20ms
    2 × waiting for element to be visible, enabled and stable
      - element is not enabled
    - retrying click action
      - waiting 100ms
    56 × waiting for element to be visible, enabled and stable
       - element is not enabled
     - retrying click action
       - waiting 500ms

EXIT=1 RETRY2 END 2026-09-27T22:26:32Z
