=== RD-001/RD-003 2026-09-27T22:36:25Z ===
/home/clabllm/projects/clab-manager-1.30.42/clab-backup-ui/.venv/lib/python3.12/site-packages/fastapi/testclient.py:1: StarletteDeprecationWarning: Using `httpx` with `starlette.testclient` is deprecated; install `httpx2` instead.
  from starlette.testclient import TestClient as TestClient  # noqa
test_a_restart_device_review_is_stale_when_a_lifecycle_job_lands_during_its_own_helper_calls (test_lab_operations.OperationAPITests.test_a_restart_device_review_is_stale_when_a_lifecycle_job_lands_during_its_own_helper_calls) ... ok

----------------------------------------------------------------------
Ran 1 test in 0.184s

OK
/home/clabllm/projects/clab-manager-1.30.42/clab-backup-ui/.venv/lib/python3.12/site-packages/fastapi/testclient.py:1: StarletteDeprecationWarning: Using `httpx` with `starlette.testclient` is deprecated; install `httpx2` instead.
  from starlette.testclient import TestClient as TestClient  # noqa
test_restart_device_binds_every_container_naming_shape_exactly (test_lab_operations.HostOperationTests.test_restart_device_binds_every_container_naming_shape_exactly) ... ok

----------------------------------------------------------------------
Ran 1 test in 0.002s

OK
=== QA-014 2026-09-27T22:36:27Z ===
/home/clabllm/projects/clab-manager-1.30.42/clab-backup-ui/.venv/lib/python3.12/site-packages/fastapi/testclient.py:1: StarletteDeprecationWarning: Using `httpx` with `starlette.testclient` is deprecated; install `httpx2` instead.
  from starlette.testclient import TestClient as TestClient  # noqa
test_a_restart_whose_container_exits_right_after_is_a_failed_job_with_the_reason (test_lab_operations.OperationAPITests.test_a_restart_whose_container_exits_right_after_is_a_failed_job_with_the_reason) ... ok

----------------------------------------------------------------------
Ran 1 test in 0.279s

OK
=== QA-016 2026-09-27T22:36:29Z ===
test_engine_identifiers_follow_netlabs_16_character_rule (test_design_intent.VlanVrfTests.test_engine_identifiers_follow_netlabs_16_character_rule) ... ok

----------------------------------------------------------------------
Ran 1 test in 0.002s

OK
