=== QA-017 2026-09-27T22:35:26Z ===
/home/clabllm/projects/clab-manager-1.30.42/clab-backup-ui/.venv/lib/python3.12/site-packages/fastapi/testclient.py:1: StarletteDeprecationWarning: Using `httpx` with `starlette.testclient` is deprecated; install `httpx2` instead.
  from starlette.testclient import TestClient as TestClient  # noqa
test_the_xrv9k_review_names_the_fresh_disk_limit_and_other_kinds_get_no_note (test_lab_operations.OperationAPITests.test_the_xrv9k_review_names_the_fresh_disk_limit_and_other_kinds_get_no_note) ... ok

----------------------------------------------------------------------
Ran 1 test in 0.213s

OK
=== QA-018 2026-09-27T22:35:27Z ===
/home/clabllm/projects/clab-manager-1.30.42/clab-backup-ui/.venv/lib/python3.12/site-packages/fastapi/testclient.py:1: StarletteDeprecationWarning: Using `httpx` with `starlette.testclient` is deprecated; install `httpx2` instead.
  from starlette.testclient import TestClient as TestClient  # noqa
test_a_neighbour_that_is_not_running_is_named_in_the_review_and_the_job_counts_the_links (test_lab_operations.OperationAPITests.test_a_neighbour_that_is_not_running_is_named_in_the_review_and_the_job_counts_the_links) ... ok

----------------------------------------------------------------------
Ran 1 test in 0.239s

OK
=== QA-019 2026-09-27T22:35:28Z ===
test_a_device_with_a_restart_job_reads_restarting_and_counts_as_booting (test_node_readiness.ReadinessTests.test_a_device_with_a_restart_job_reads_restarting_and_counts_as_booting) ... ok
test_a_failed_automatic_login_test_sends_nodes_back_to_booting_and_retries_a_bounded_number_of_times (test_node_readiness.ReadinessTests.test_a_failed_automatic_login_test_sends_nodes_back_to_booting_and_retries_a_bounded_number_of_times) ... ok
test_a_login_proof_from_before_a_restart_epoch_is_dropped_and_the_uptime_reveals_an_external_restart (test_node_readiness.ReadinessTests.test_a_login_proof_from_before_a_restart_epoch_is_dropped_and_the_uptime_reveals_an_external_restart) ... ok
test_a_refused_login_is_reported_only_when_it_persists_and_never_opens_ssh (test_node_readiness.ReadinessTests.test_a_refused_login_is_reported_only_when_it_persists_and_never_opens_ssh) ... ok
test_a_refused_login_right_after_a_manager_restart_reads_booting_until_the_grace_window_closes (test_node_readiness.ReadinessTests.test_a_refused_login_right_after_a_manager_restart_reads_booting_until_the_grace_window_closes) ... ok
test_a_restarted_node_must_answer_again_and_the_login_test_repeats_once (test_node_readiness.ReadinessTests.test_a_restarted_node_must_answer_again_and_the_login_test_repeats_once) ... ok
test_image_default_login_reaches_ready_while_a_different_linux_image_still_needs_credentials (test_node_readiness.ReadinessTests.test_image_default_login_reaches_ready_while_a_different_linux_image_still_needs_credentials) ... ok
test_jobs (test_node_readiness.ReadinessTests.test_jobs) ... /usr/lib/python3.12/unittest/case.py:690: DeprecationWarning: It is deprecated to return a value that is not None from a test case (<bound method ReadinessTests.test_jobs of <test_node_readiness.ReadinessTests testMethod=test_jobs>>)
  return self.run(*args, **kwds)
ok
test_login_state_and_summary_vocabulary (test_node_readiness.ReadinessTests.test_login_state_and_summary_vocabulary) ... ok
test_profiles_win_over_defaults_and_nodes_without_any_login_are_not_probed (test_node_readiness.ReadinessTests.test_profiles_win_over_defaults_and_nodes_without_any_login_are_not_probed) ... ok
test_running_nodes_are_probed_with_the_default_login_and_ssh_waits_for_an_answer (test_node_readiness.ReadinessTests.test_running_nodes_are_probed_with_the_default_login_and_ssh_waits_for_an_answer) ... ok
test_ssh_check_all_reflects_through_nos_login_as_checking_then_a_real_answer (test_node_readiness.ReadinessTests.test_ssh_check_all_reflects_through_nos_login_as_checking_then_a_real_answer) ... ok
test_unlinked_labs_and_busy_operations_are_left_alone (test_node_readiness.ReadinessTests.test_unlinked_labs_and_busy_operations_are_left_alone) ... ok

----------------------------------------------------------------------
Ran 22 tests in 2.372s

OK
=== TOOL-002 (tool code, not a pytest; will inspect source) ===
